INFO 2026-10-08 20:11:40,950 autoreload 14124 Watching for file changes with StatReloader
WARNING 2026-10-08 20:12:03,388 log 14124 Not Found: /assets/img/banner-pattern.svg
WARNING 2026-10-08 20:12:03,551 log 14124 Not Found: /favicon.ico
WARNING 2026-10-08 20:14:47,299 log 14124 Not Found: /assets/img/banner-pattern.svg
INFO 2026-10-08 20:15:51,930 autoreload 14124 C:\Maryam's File\Code Project\oneHealth\one-health\techcare\techcare\settings.py changed, reloading.
INFO 2026-10-08 20:21:58,227 autoreload 33064 Watching for file changes with StatReloader
INFO 2026-10-08 20:23:42,035 autoreload 12144 Watching for file changes with StatReloader
INFO 2026-10-08 20:23:54,012 autoreload 12144 C:\Maryam's File\Code Project\oneHealth\one-health\techcare\techcare\settings.py changed, reloading.
INFO 2026-10-08 20:24:31,920 autoreload 5136 Watching for file changes with StatReloader
INFO 2026-10-08 20:26:04,153 autoreload 5136 C:\Maryam's File\Code Project\oneHealth\one-health\techcare\techcare\settings.py changed, reloading.
INFO 2026-10-08 20:26:05,366 autoreload 16976 Watching for file changes with StatReloader
INFO 2026-10-08 20:36:38,156 autoreload 16976 C:\Maryam's File\Code Project\oneHealth\one-health\techcare\techcare\settings.py changed, reloading.
INFO 2026-10-08 20:36:43,151 autoreload 21916 Watching for file changes with StatReloader
INFO 2026-10-08 20:36:48,012 autoreload 21916 C:\Maryam's File\Code Project\oneHealth\one-health\techcare\techcare\settings.py changed, reloading.
INFO 2026-10-08 20:50:42,934 autoreload 25364 Watching for file changes with StatReloader
INFO 2026-10-08 20:51:35,722 autoreload 25364 C:\Maryam's File\Code Project\oneHealth\one-health\techcare\userapp\apps.py changed, reloading.
INFO 2026-10-08 20:51:37,190 autoreload 30888 Watching for file changes with StatReloader
INFO 2026-10-08 20:51:55,036 autoreload 30888 C:\Maryam's File\Code Project\oneHealth\one-health\techcare\consultapp\apps.py changed, reloading.
INFO 2026-10-08 20:51:56,289 autoreload 30184 Watching for file changes with StatReloader
INFO 2026-10-08 20:52:24,053 autoreload 30184 C:\Maryam's File\Code Project\oneHealth\one-health\techcare\paymentapp\apps.py changed, reloading.
INFO 2026-10-08 20:52:25,499 autoreload 25196 Watching for file changes with StatReloader
INFO 2026-10-08 20:52:34,489 autoreload 25196 C:\Maryam's File\Code Project\oneHealth\one-health\techcare\serviceapp\apps.py changed, reloading.
INFO 2026-10-08 20:52:35,798 autoreload 9488 Watching for file changes with StatReloader
INFO 2026-10-08 20:52:49,601 autoreload 9488 C:\Maryam's File\Code Project\oneHealth\one-health\techcare\telex\apps.py changed, reloading.
INFO 2026-10-08 20:52:51,229 autoreload 17080 Watching for file changes with StatReloader
INFO 2026-10-08 20:53:07,998 autoreload 17080 C:\Maryam's File\Code Project\oneHealth\one-health\techcare\userapp\urls.py changed, reloading.
INFO 2026-10-08 20:53:09,360 autoreload 3536 Watching for file changes with StatReloader
INFO 2026-10-08 20:56:44,319 autoreload 3536 C:\Maryam's File\Code Project\oneHealth\one-health\techcare\consultapp\views.py changed, reloading.
INFO 2026-10-08 20:56:45,849 autoreload 17940 Watching for file changes with StatReloader
ERROR 2026-10-08 20:57:07,668 log 17940 Internal Server Error: /
Traceback (most recent call last):
  File "C:\Users\user\.conda\envs\onehealth_env\Lib\site-packages\django\core\handlers\exception.py", line 55, in inner
    response = get_response(request)
               ^^^^^^^^^^^^^^^^^^^^^
  File "C:\Users\user\.conda\envs\onehealth_env\Lib\site-packages\django\core\handlers\base.py", line 220, in _get_response
    response = response.render()
               ^^^^^^^^^^^^^^^^^
  File "C:\Users\user\.conda\envs\onehealth_env\Lib\site-packages\django\template\response.py", line 114, in render
    self.content = self.rendered_content
                   ^^^^^^^^^^^^^^^^^^^^^
  File "C:\Users\user\.conda\envs\onehealth_env\Lib\site-packages\django\template\response.py", line 90, in rendered_content
    template = self.resolve_template(self.template_name)
               ^^^^^^^^^^^^^^^^^^^^^^^^^^^^^^^^^^^^^^^^^
  File "C:\Users\user\.conda\envs\onehealth_env\Lib\site-packages\django\template\response.py", line 72, in resolve_template
    return select_template(template, using=self.using)
           ^^^^^^^^^^^^^^^^^^^^^^^^^^^^^^^^^^^^^^^^^^^
  File "C:\Users\user\.conda\envs\onehealth_env\Lib\site-packages\django\template\loader.py", line 47, in select_template
    raise TemplateDoesNotExist(", ".join(template_name_list), chain=chain)
django.template.exceptions.TemplateDoesNotExist: index.html
WARNING 2026-10-08 20:57:08,135 log 17940 Not Found: /favicon.ico
INFO 2026-10-08 20:59:44,011 autoreload 17940 C:\Maryam's File\Code Project\oneHealth\one-health\techcare\techcare\settings.py changed, reloading.
INFO 2026-10-08 21:00:51,787 autoreload 8148 Watching for file changes with StatReloader
ERROR 2026-10-08 21:01:00,345 log 8148 Internal Server Error: /
Traceback (most recent call last):
  File "C:\Users\user\.conda\envs\onehealth_env\Lib\site-packages\django\core\handlers\exception.py", line 55, in inner
    response = get_response(request)
               ^^^^^^^^^^^^^^^^^^^^^
  File "C:\Users\user\.conda\envs\onehealth_env\Lib\site-packages\django\core\handlers\base.py", line 220, in _get_response
    response = response.render()
               ^^^^^^^^^^^^^^^^^
  File "C:\Users\user\.conda\envs\onehealth_env\Lib\site-packages\django\template\response.py", line 114, in render
    self.content = self.rendered_content
                   ^^^^^^^^^^^^^^^^^^^^^
  File "C:\Users\user\.conda\envs\onehealth_env\Lib\site-packages\django\template\response.py", line 90, in rendered_content
    template = self.resolve_template(self.template_name)
               ^^^^^^^^^^^^^^^^^^^^^^^^^^^^^^^^^^^^^^^^^
  File "C:\Users\user\.conda\envs\onehealth_env\Lib\site-packages\django\template\response.py", line 72, in resolve_template
    return select_template(template, using=self.using)
           ^^^^^^^^^^^^^^^^^^^^^^^^^^^^^^^^^^^^^^^^^^^
  File "C:\Users\user\.conda\envs\onehealth_env\Lib\site-packages\django\template\loader.py", line 47, in select_template
    raise TemplateDoesNotExist(", ".join(template_name_list), chain=chain)
django.template.exceptions.TemplateDoesNotExist: index.html
ERROR 2026-10-08 21:01:03,310 log 8148 Internal Server Error: /
Traceback (most recent call last):
  File "C:\Users\user\.conda\envs\onehealth_env\Lib\site-packages\django\core\handlers\exception.py", line 55, in inner
    response = get_response(request)
               ^^^^^^^^^^^^^^^^^^^^^
  File "C:\Users\user\.conda\envs\onehealth_env\Lib\site-packages\django\core\handlers\base.py", line 220, in _get_response
    response = response.render()
               ^^^^^^^^^^^^^^^^^
  File "C:\Users\user\.conda\envs\onehealth_env\Lib\site-packages\django\template\response.py", line 114, in render
    self.content = self.rendered_content
                   ^^^^^^^^^^^^^^^^^^^^^
  File "C:\Users\user\.conda\envs\onehealth_env\Lib\site-packages\django\template\response.py", line 90, in rendered_content
    template = self.resolve_template(self.template_name)
               ^^^^^^^^^^^^^^^^^^^^^^^^^^^^^^^^^^^^^^^^^
  File "C:\Users\user\.conda\envs\onehealth_env\Lib\site-packages\django\template\response.py", line 72, in resolve_template
    return select_template(template, using=self.using)
           ^^^^^^^^^^^^^^^^^^^^^^^^^^^^^^^^^^^^^^^^^^^
  File "C:\Users\user\.conda\envs\onehealth_env\Lib\site-packages\django\template\loader.py", line 47, in select_template
    raise TemplateDoesNotExist(", ".join(template_name_list), chain=chain)
django.template.exceptions.TemplateDoesNotExist: index.html
WARNING 2026-10-08 21:01:03,494 log 8148 Not Found: /favicon.ico
INFO 2026-10-08 21:02:43,789 autoreload 32868 Watching for file changes with StatReloader
